Microchip MPLAB XC8 Compiler V2.32

Linker command line:

-W-3 --edf=C:\Program Files\Microchip\xc8\v2.32\pic\dat\en_msgs.txt -cn \
  -h+dist/default/production\MECH2200_Assignment3_Pinball.X.production.sym \
  --cmf=dist/default/production\MECH2200_Assignment3_Pinball.X.production.cmf \
  -z -Q16F1779 -oC:\Users\samwi\AppData\Local\Temp\xcAs2qg.4 \
  --defsym=__MPLAB_BUILD=1 \
  -Mdist/default/production/MECH2200_Assignment3_Pinball.X.production.map \
  -E1 -ver=XC8 Compiler --acfsm=1493 -ASTACK=0209Ah-027EFh -pstack=STACK \
  -ACODE=00h-07FFhx8 -ASTRCODE=00h-03FFFh -ASTRING=00h-0FFhx64 \
  -ACONST=00h-0FFhx64 -AENTRY=00h-0FFhx64 -ACOMMON=070h-07Fh \
  -ABANK0=020h-06Fh -ABANK1=0A0h-0EFh -ABANK2=0120h-016Fh \
  -ABANK3=01A0h-01EFh -ABANK4=0220h-026Fh -ABANK5=02A0h-02EFh \
  -ABANK6=0320h-036Fh -ABANK7=03A0h-03EFh -ABANK8=0420h-046Fh \
  -ABANK9=04A0h-04EFh -ABANK10=0520h-056Fh -ABANK11=05A0h-05EFh \
  -ABANK12=0620h-066Fh -ABANK13=06A0h-06EFh -ABANK14=0720h-076Fh \
  -ABANK15=07A0h-07EFh -ABANK16=0820h-086Fh -ABANK17=08A0h-08EFh \
  -ABANK18=0920h-096Fh -ABANK19=09A0h-09EFh -ABANK20=0A20h-0A6Fh \
  -ABANK21=0AA0h-0AEFh -ABANK22=0B20h-0B6Fh -ABANK23=0BA0h-0BEFh \
  -ABANK24=0C20h-0C6Fh -ABANK25=0CA0h-0CBFh -ABIGRAM=02000h-027EFh \
  -ARAM=020h-06Fh,0A0h-0EFh,0120h-016Fh,01A0h-01EFh,0220h-026Fh,02A0h-02EFh,0320h-036Fh,03A0h-03EFh,0420h-046Fh,04A0h-04EFh,0520h-056Fh,05A0h-05EFh,0620h-066Fh,06A0h-06EFh,0720h-076Fh,07A0h-07EFh,0820h-086Fh,08A0h-08EFh,0920h-096Fh,09A0h-09EFh,0A20h-0A6Fh,0AA0h-0AEFh,0B20h-0B6Fh,0BA0h-0BEFh,0C20h-0C6Fh,0CA0h-0CBFh \
  -AABS1=020h-07Fh,0A0h-0EFh,0120h-016Fh,01A0h-01EFh,0220h-026Fh,02A0h-02EFh,0320h-036Fh,03A0h-03EFh,0420h-046Fh,04A0h-04EFh,0520h-056Fh,05A0h-05EFh,0620h-066Fh,06A0h-06EFh,0720h-076Fh,07A0h-07EFh,0820h-086Fh,08A0h-08EFh,0920h-096Fh,09A0h-09EFh,0A20h-0A6Fh,0AA0h-0AEFh,0B20h-0B6Fh,0BA0h-0BEFh,0C20h-0C6Fh,0CA0h-0CBFh \
  -ASFR0=00h-01Fh -ASFR1=080h-09Fh -ASFR2=0100h-011Fh -ASFR3=0180h-019Fh \
  -ASFR4=0200h-021Fh -ASFR5=0280h-029Fh -ASFR6=0300h-031Fh \
  -ASFR7=0380h-039Fh -ASFR8=0400h-041Fh -ASFR9=0480h-049Fh \
  -ASFR10=0500h-051Fh -ASFR11=0580h-059Fh -ASFR12=0600h-061Fh \
  -ASFR13=0680h-069Fh -ASFR14=0700h-071Fh -ASFR15=0780h-079Fh \
  -ASFR16=0800h-081Fh -ASFR17=0880h-089Fh -ASFR18=0900h-091Fh \
  -ASFR19=0980h-099Fh -ASFR20=0A00h-0A1Fh -ASFR21=0A80h-0A9Fh \
  -ASFR22=0B00h-0B1Fh -ASFR23=0B80h-0B9Fh -ASFR24=0C00h-0C1Fh \
  -ASFR25=0C80h-0C9Fh -ASFR26=0D00h-0D6Fh -ASFR27=0D80h-0DEFh \
  -ASFR28=0E00h-0E6Fh -ASFR29=0E80h-0EEFh -ASFR30=0F00h-0F6Fh \
  -ASFR31=0F80h-0FEFh -ACONFIG=08007h-08008h -DCONFIG=2 \
  -AIDLOC=08000h-08003h -DIDLOC=2 -DCODE=2 -DSTRCODE=2 -DSTRING=2 -DCONST=2 \
  -DENTRY=2 -preset_vec=00h,intentry=04h,init,end_init -ppowerup=CODE \
  -pcinit=CODE -pfunctab=ENTRY -k \
  C:\Users\samwi\AppData\Local\Temp\xcAs2qg.o \
  dist/default/production\MECH2200_Assignment3_Pinball.X.production.o 

Object code version is 3.11

Machine type is 16F1779



                Name                               Link     Load   Length Selector   Space Scale
C:\Users\samwi\AppData\Local\Temp\xcAs2qg.o
                end_init                             94       94        2        8       0
                reset_vec                             0        0        2        0       0
                config                             8007     8007        2        0       4
dist/default/production\MECH2200_Assignment3_Pinball.X.production.o
                cinit                                96       96       1E        8       0
                intentry                              4        4       90        8       0
                config                             8007     8007        2        0       4
                text35                              DBB      DBB       1A     1B76       0
                text34                              FC0      FC0       40     1F80       0
                text33                              DF1      DF1       1D     1BE2       0
                text32                              CDA      CDA        D     19B4       0
                text31                              CF5      CF5       16     19EA       0
                text30                              E4A      E4A       24     1C94       0
                text29                              DD5      DD5       1C     1BAA       0
                text28                              6A7      6A7       4A        8       0
                text27                              5EB      5EB       60        8       0
                text26                              781      781       44      F02       0
                text25                              64B      64B       5C        8       0
                text24                              502      502       80        8       0
                text23                              CE7      CE7        E     19CE       0
                text22                              D0B      D0B       16     1A16       0
                text21                              E2B      E2B       1F     1C56       0
                text20                              F4E      F4E       36     1E9C       0
                text19                              E6E      E6E       28     1CDC       0
                text18                              CD2      CD2        8     19A4       0
                text17                              47C      47C       86        8       0
                text16                              E0E      E0E       1D     1C1C       0
                text15                              F84      F84       3C     1F08       0
                text14                              F1A      F1A       34     1E34       0
                text13                              366      366      116        8       0
                text12                              E96      E96       2C     1D2C       0
                text11                              EC2      EC2       2C     1D84       0
                text10                              D21      D21       16     1A42       0
                text9                               D37      D37       16     1A6E       0
                text8                               D4D      D4D       16     1A9A       0
                text7                               6F1      6F1       49        8       0
                text6                               EEE      EEE       2C     1DDC       0
                text5                               D63      D63       16     1AC6       0
                text4                               D79      D79       16     1AF2       0
                text3                               D8F      D8F       16     1B1E       0
                text2                               DA5      DA5       16     1B4A       0
                text1                                B4       B4      2B2        8       0
                maintext                            582      582       69        8       0
                cstackBANK0                          5A       5A       11       20       1
                cstackCOMMON                         70       70        A       70       1
                cstackBANK1                          E6       E6        4       A0       1
                clrtext                             CCC      CCC        6     1998       0
                bssBANK1                             A0       A0       46       A0       1
                dataBANK0                            6B       6B        2       20       1
                bssBANK0                             20       20       3A       20       1
                bssCOMMON                            7A       7A        2       70       1
                stringtext61                       173C     173C        3     2000       0
                stringtext60                       172F     172F        6     2000       0
                stringtext59                       16F8     16F8       10     2000       0
                stringtext58                       16D3     16D3       13     2000       0
                stringtext57                       16C0     16C0       13     2000       0
                stringtext56                       16AC     16AC       14     2000       0
                stringtext55                       161C     161C       16     2000       0
                stringtext54                       15D9     15D9       17     2000       0
                stringtext53                       15AA     15AA       18     2000       0
                stringtext52                       155D     155D       1B     2000       0
                stringtext51                       153F     153F       1E     2000       0
                stringtext50                       149B     149B       24     2000       0
                stringtext49                       13DE     13DE       27     2000       0
                stringtext48                       1739     1739        3     2000       0
                stringtext47                       1735     1735        4     2000       0
                stringtext46                       1725     1725        A     2000       0
                stringtext45                       1717     1717        E     2000       0
                stringtext44                       1708     1708        F     2000       0
                stringtext43                       16E6     16E6       12     2000       0
                stringtext42                       1698     1698       14     2000       0
                stringtext41                       1684     1684       14     2000       0
                stringtext40                       1670     1670       14     2000       0
                stringtext39                       165C     165C       14     2000       0
                stringtext38                       1647     1647       15     2000       0
                stringtext37                       1632     1632       15     2000       0
                stringtext36                       1606     1606       16     2000       0
                stringtext35                       15F0     15F0       16     2000       0
                stringtext34                       15C2     15C2       17     2000       0
                stringtext33                       1592     1592       18     2000       0
                stringtext32                       1578     1578       1A     2000       0
                stringtext31                       1520     1520       1F     2000       0
                stringtext30                       1501     1501       1F     2000       0
                stringtext29                       14E1     14E1       20     2000       0
                stringtext28                       14BF     14BF       22     2000       0
                stringtext27                       1477     1477       24     2000       0
                stringtext26                       1451     1451       26     2000       0
                stringtext25                       142B     142B       26     2000       0
                stringtext24                       1405     1405       26     2000       0
                stringtext23                       13B6     13B6       28     2000       0
                stringtext22                       138D     138D       29     2000       0
                stringtext21                       1364     1364       29     2000       0
                stringtext20                       133B     133B       29     2000       0
                stringtext19                       1312     1312       29     2000       0
                stringtext18                       12E6     12E6       2C     2000       0
                stringtext17                       12B9     12B9       2D     2000       0
                stringtext16                       128B     128B       2E     2000       0
                stringtext15                       125C     125C       2F     2000       0
                stringtext14                       122C     122C       30     2000       0
                stringtext13                       11FC     11FC       30     2000       0
                stringtext12                       11C8     11C8       34     2000       0
                stringtext11                       1194     1194       34     2000       0
                stringtext10                       115D     115D       37     2000       0
                stringtext9                        1125     1125       38     2000       0
                stringtext8                        10EB     10EB       3A     2000       0
                stringtext7                        10B1     10B1       3A     2000       0
                stringtext6                        1076     1076       3B     2000       0
                stringtext5                        103B     103B       3B     2000       0
                stringtext4                        1000     1000       3B     2000       0
                stringtext3                         806      806       40      F8A       0
                stringtext2                         7C5      7C5       41      F8A       0
                stringtext1                         73A      73A       47      E74       0
                idataBANK0                            2        2        2        0       0

TOTAL           Name                               Link     Load   Length     Space
        CLASS   STACK          

        CLASS   CODE           
                end_init                             94       94        2         0
                cinit                                96       96       1E         0
                intentry                              4        4       90         0
                reset_vec                             0        0        2         0
                text35                              DBB      DBB       1A         0
                text34                              FC0      FC0       40         0
                text33                              DF1      DF1       1D         0
                text32                              CDA      CDA        D         0
                text31                              CF5      CF5       16         0
                text30                              E4A      E4A       24         0
                text29                              DD5      DD5       1C         0
                text28                              6A7      6A7       4A         0
                text27                              5EB      5EB       60         0
                text26                              781      781       44         0
                text25                              64B      64B       5C         0
                text24                              502      502       80         0
                text23                              CE7      CE7        E         0
                text22                              D0B      D0B       16         0
                text21                              E2B      E2B       1F         0
                text20                              F4E      F4E       36         0
                text19                              E6E      E6E       28         0
                text18                              CD2      CD2        8         0
                text17                              47C      47C       86         0
                text16                              E0E      E0E       1D         0
                text15                              F84      F84       3C         0
                text14                              F1A      F1A       34         0
                text13                              366      366      116         0
                text12                              E96      E96       2C         0
                text11                              EC2      EC2       2C         0
                text10                              D21      D21       16         0
                text9                               D37      D37       16         0
                text8                               D4D      D4D       16         0
                text7                               6F1      6F1       49         0
                text6                               EEE      EEE       2C         0
                text5                               D63      D63       16         0
                text4                               D79      D79       16         0
                text3                               D8F      D8F       16         0
                text2                               DA5      DA5       16         0
                text1                                B4       B4      2B2         0
                maintext                            582      582       69         0
                clrtext                             CCC      CCC        6         0
                idataBANK0                            2        2        2         0

        CLASS   STRCODE        
                stringtext61                       173C     173C        3         0
                stringtext60                       172F     172F        6         0
                stringtext59                       16F8     16F8       10         0
                stringtext58                       16D3     16D3       13         0
                stringtext57                       16C0     16C0       13         0
                stringtext56                       16AC     16AC       14         0
                stringtext55                       161C     161C       16         0
                stringtext54                       15D9     15D9       17         0
                stringtext53                       15AA     15AA       18         0
                stringtext52                       155D     155D       1B         0
                stringtext51                       153F     153F       1E         0
                stringtext50                       149B     149B       24         0
                stringtext49                       13DE     13DE       27         0
                stringtext48                       1739     1739        3         0
                stringtext47                       1735     1735        4         0
                stringtext46                       1725     1725        A         0
                stringtext45                       1717     1717        E         0
                stringtext44                       1708     1708        F         0
                stringtext43                       16E6     16E6       12         0
                stringtext42                       1698     1698       14         0
                stringtext41                       1684     1684       14         0
                stringtext40                       1670     1670       14         0
                stringtext39                       165C     165C       14         0
                stringtext38                       1647     1647       15         0
                stringtext37                       1632     1632       15         0
                stringtext36                       1606     1606       16         0
                stringtext35                       15F0     15F0       16         0
                stringtext34                       15C2     15C2       17         0
                stringtext33                       1592     1592       18         0
                stringtext32                       1578     1578       1A         0
                stringtext31                       1520     1520       1F         0
                stringtext30                       1501     1501       1F         0
                stringtext29                       14E1     14E1       20         0
                stringtext28                       14BF     14BF       22         0
                stringtext27                       1477     1477       24         0
                stringtext26                       1451     1451       26         0
                stringtext25                       142B     142B       26         0
                stringtext24                       1405     1405       26         0
                stringtext23                       13B6     13B6       28         0
                stringtext22                       138D     138D       29         0
                stringtext21                       1364     1364       29         0
                stringtext20                       133B     133B       29         0
                stringtext19                       1312     1312       29         0
                stringtext18                       12E6     12E6       2C         0
                stringtext17                       12B9     12B9       2D         0
                stringtext16                       128B     128B       2E         0
                stringtext15                       125C     125C       2F         0
                stringtext14                       122C     122C       30         0
                stringtext13                       11FC     11FC       30         0
                stringtext12                       11C8     11C8       34         0
                stringtext11                       1194     1194       34         0
                stringtext10                       115D     115D       37         0
                stringtext9                        1125     1125       38         0
                stringtext8                        10EB     10EB       3A         0
                stringtext7                        10B1     10B1       3A         0
                stringtext6                        1076     1076       3B         0
                stringtext5                        103B     103B       3B         0
                stringtext4                        1000     1000       3B         0
                stringtext3                         806      806       40         0
                stringtext2                         7C5      7C5       41         0
                stringtext1                         73A      73A       47         0

        CLASS   STRING         

        CLASS   CONST          

        CLASS   ENTRY          

        CLASS   COMMON         
                cstackCOMMON                         70       70        A         1
                bssCOMMON                            7A       7A        2         1

        CLASS   BANK0          
                cstackBANK0                          5A       5A       11         1
                dataBANK0                            6B       6B        2         1
                bssBANK0                             20       20       3A         1

        CLASS   BANK1          
                cstackBANK1                          E6       E6        4         1
                bssBANK1                             A0       A0       46         1

        CLASS   BANK2          

        CLASS   BANK3          

        CLASS   BANK4          

        CLASS   BANK5          

        CLASS   BANK6          

        CLASS   BANK7          

        CLASS   BANK8          

        CLASS   BANK9          

        CLASS   BANK10         

        CLASS   BANK11         

        CLASS   BANK12         

        CLASS   BANK13         

        CLASS   BANK14         

        CLASS   BANK15         

        CLASS   BANK16         

        CLASS   BANK17         

        CLASS   BANK18         

        CLASS   BANK19         

        CLASS   BANK20         

        CLASS   BANK21         

        CLASS   BANK22         

        CLASS   BANK23         

        CLASS   BANK24         

        CLASS   BANK25         

        CLASS   BIGRAM         

        CLASS   RAM            

        CLASS   ABS1           
                abs_s1                               7E       7E        2         1

        CLASS   SFR0           

        CLASS   SFR1           

        CLASS   SFR2           

        CLASS   SFR3           

        CLASS   SFR4           

        CLASS   SFR5           

        CLASS   SFR6           

        CLASS   SFR7           

        CLASS   SFR8           

        CLASS   SFR9           

        CLASS   SFR10          

        CLASS   SFR11          

        CLASS   SFR12          

        CLASS   SFR13          

        CLASS   SFR14          

        CLASS   SFR15          

        CLASS   SFR16          

        CLASS   SFR17          

        CLASS   SFR18          

        CLASS   SFR19          

        CLASS   SFR20          

        CLASS   SFR21          

        CLASS   SFR22          

        CLASS   SFR23          

        CLASS   SFR24          

        CLASS   SFR25          

        CLASS   SFR26          

        CLASS   SFR27          

        CLASS   SFR28          

        CLASS   SFR29          

        CLASS   SFR30          

        CLASS   SFR31          

        CLASS   CONFIG         
                config                             8007     8007        2         4

        CLASS   IDLOC          

        CLASS   BANK31         

        CLASS   BANK30         

        CLASS   BANK29         

        CLASS   BANK28         

        CLASS   BANK27         

        CLASS   BANK26         

        CLASS   EEDATA         



SEGMENTS        Name                           Load    Length   Top    Selector   Space  Class     Delta

                reset_vec                      000000  000004  000004         0       0  CODE        2
                intentry                       000004  000736  00073A         8       0  CODE        2
                bssBANK0                       000020  00004D  00006D        20       1  BANK0       1
                cstackCOMMON                   000070  00000C  00007C        70       1  COMMON      1
                bssBANK1                       0000A0  00004A  0000EA        A0       1  BANK1       1
                stringtext1                    00073A  000047  000781       E74       0  STRCODE     2
                text26                         000781  000044  0007C5       F02       0  CODE        2
                stringtext2                    0007C5  000081  000846       F8A       0  STRCODE     2
                clrtext                        000CCC  000006  000CD2      1998       0  CODE        2
                text18                         000CD2  000008  000CDA      19A4       0  CODE        2
                text32                         000CDA  00000D  000CE7      19B4       0  CODE        2
                text23                         000CE7  00000E  000CF5      19CE       0  CODE        2
                text31                         000CF5  000016  000D0B      19EA       0  CODE        2
                text22                         000D0B  000016  000D21      1A16       0  CODE        2
                text10                         000D21  000016  000D37      1A42       0  CODE        2
                text9                          000D37  000016  000D4D      1A6E       0  CODE        2
                text8                          000D4D  000016  000D63      1A9A       0  CODE        2
                text5                          000D63  000016  000D79      1AC6       0  CODE        2
                text4                          000D79  000016  000D8F      1AF2       0  CODE        2
                text3                          000D8F  000016  000DA5      1B1E       0  CODE        2
                text2                          000DA5  000016  000DBB      1B4A       0  CODE        2
                text35                         000DBB  00001A  000DD5      1B76       0  CODE        2
                text29                         000DD5  00001C  000DF1      1BAA       0  CODE        2
                text33                         000DF1  00001D  000E0E      1BE2       0  CODE        2
                text16                         000E0E  00001D  000E2B      1C1C       0  CODE        2
                text21                         000E2B  00001F  000E4A      1C56       0  CODE        2
                text30                         000E4A  000024  000E6E      1C94       0  CODE        2
                text19                         000E6E  000028  000E96      1CDC       0  CODE        2
                text12                         000E96  00002C  000EC2      1D2C       0  CODE        2
                text11                         000EC2  00002C  000EEE      1D84       0  CODE        2
                text6                          000EEE  00002C  000F1A      1DDC       0  CODE        2
                text14                         000F1A  000034  000F4E      1E34       0  CODE        2
                text20                         000F4E  000036  000F84      1E9C       0  CODE        2
                text15                         000F84  00003C  000FC0      1F08       0  CODE        2
                text34                         000FC0  000040  001000      1F80       0  CODE        2
                stringtext4                    001000  00073F  00173F      2000       0  STRCODE     2


UNUSED ADDRESS RANGES

        Name                Unused          Largest block    Delta
        BANK0            0006D-0006F               3           1
        BANK1            000EA-000EF               6           1
        BANK10           00520-0056F              50           1
        BANK11           005A0-005EF              50           1
        BANK12           00620-0066F              50           1
        BANK13           006A0-006EF              50           1
        BANK14           00720-0076F              50           1
        BANK15           007A0-007EF              50           1
        BANK16           00820-0086F              50           1
        BANK17           008A0-008EF              50           1
        BANK18           00920-0096F              50           1
        BANK19           009A0-009EF              50           1
        BANK2            00120-0016F              50           1
        BANK20           00A20-00A6F              50           1
        BANK21           00AA0-00AEF              50           1
        BANK22           00B20-00B6F              50           1
        BANK23           00BA0-00BEF              50           1
        BANK24           00C20-00C6F              50           1
        BANK25           00CA0-00CBF              20           1
        BANK3            001A0-001EF              50           1
        BANK4            00220-0026F              50           1
        BANK5            002A0-002EF              50           1
        BANK6            00320-0036F              50           1
        BANK7            003A0-003EF              50           1
        BANK8            00420-0046F              50           1
        BANK9            004A0-004EF              50           1
        BIGRAM           02000-027EF             7F0           1
        CODE             00846-00CCB             486           2
                         0173F-03FFF             800
        COMMON           0007C-0007D               2           1
        CONST            00846-00CCB             100           2
                         0173F-03FFF             100
        ENTRY            00846-00CCB             100           2
                         0173F-03FFF             100
        IDLOC            08000-08003               4           2
        RAM              0006D-0006F               3           1
                         000EA-000EF               6
                         00120-0016F              50
                         001A0-001EF              50
                         00220-0026F              50
                         002A0-002EF              50
                         00320-0036F              50
                         003A0-003EF              50
                         00420-0046F              50
                         004A0-004EF              50
                         00520-0056F              50
                         005A0-005EF              50
                         00620-0066F              50
                         006A0-006EF              50
                         00720-0076F              50
                         007A0-007EF              50
                         00820-0086F              50
                         008A0-008EF              50
                         00920-0096F              50
                         009A0-009EF              50
                         00A20-00A6F              50
                         00AA0-00AEF              50
                         00B20-00B6F              50
                         00BA0-00BEF              50
                         00C20-00C6F              50
                         00CA0-00CBF              20
        SFR0             00000-0001F              20           1
        SFR1             00080-0009F              20           1
        SFR10            00500-0051F              20           1
        SFR11            00580-0059F              20           1
        SFR12            00600-0061F              20           1
        SFR13            00680-0069F              20           1
        SFR14            00700-0071F              20           1
        SFR15            00780-0079F              20           1
        SFR16            00800-0081F              20           1
        SFR17            00880-0089F              20           1
        SFR18            00900-0091F              20           1
        SFR19            00980-0099F              20           1
        SFR2             00100-0011F              20           1
        SFR20            00A00-00A1F              20           1
        SFR21            00A80-00A9F              20           1
        SFR22            00B00-00B1F              20           1
        SFR23            00B80-00B9F              20           1
        SFR24            00C00-00C1F              20           1
        SFR25            00C80-00C9F              20           1
        SFR26            00D00-00D6F              70           1
        SFR27            00D80-00DEF              70           1
        SFR28            00E00-00E6F              70           1
        SFR29            00E80-00EEF              70           1
        SFR3             00180-0019F              20           1
        SFR30            00F00-00F6F              70           1
        SFR31            00F80-00FEF              70           1
        SFR4             00200-0021F              20           1
        SFR5             00280-0029F              20           1
        SFR6             00300-0031F              20           1
        SFR7             00380-0039F              20           1
        SFR8             00400-0041F              20           1
        SFR9             00480-0049F              20           1
        STACK            0209A-027EF             756           1
        STRCODE          00846-00CCB             486           2
                         0173F-03FFF            28C1
        STRING           00846-00CCB             100           2
                         0173F-03FFF             100

                                  Symbol Table

?_GetChar                                     cstackCOMMON 00072
?_GetString                                   cstackBANK0  0005A
?_StringToInteger                             cstackCOMMON 00078
?___lwdiv                                     cstackCOMMON 00072
?___lwmod                                     cstackCOMMON 00072
?___wmul                                      cstackCOMMON 00072
DecimalToResultString@Length                  cstackBANK0  0005D
DecimalToResultString@ResultString            cstackBANK0  0005C
DecimalToResultString@Status                  cstackBANK0  00060
DecimalToResultString@Value                   cstackBANK0  0005A
Delay@DelayTime                               cstackCOMMON 00072
DisplayStringError@ErrorValue                 cstackCOMMON 00075
GetChar@ReturnValue                           cstackCOMMON 00076
GetString@CharCounter                         cstackBANK0  0005F
GetString@Length                              cstackBANK0  0005A
GetString@ReturnValue                         cstackBANK0  0005D
GetString@RxChar                              cstackBANK0  00061
GetString@RxString                            cstackBANK0  0005C
InitialiseDRV8711@SPIValue                    cstackBANK0  0005F
SendChar@Value                                cstackCOMMON 00072
SendMessage@StringPointer                     cstackCOMMON 00072
StringToInteger@CharValue                     cstackBANK0  0005C
StringToInteger@Result                        cstackBANK0  0005E
StringToInteger@StringPointer                 cstackBANK0  00060
TestVT100@i                                   cstackBANK0  00068
VT100_CursorDown@y                            cstackBANK0  00062
VT100_CursorLeft@x                            cstackBANK0  00062
VT100_PositionCursor@x                        cstackBANK0  00064
VT100_PositionCursor@y                        cstackBANK0  00062
VT100_SetAttribute@Value                      cstackBANK0  00062
WriteSPI@RegisterAddress                      cstackCOMMON 00072
WriteSPI@RxByte                               cstackBANK0  0005E
WriteSPI@RxWord                               cstackBANK0  0005C
WriteSPI@TxByteHigh                           cstackBANK0  0005A
WriteSPI@TxByteLow                            cstackBANK0  0005B
WriteSPI@Value                                cstackCOMMON 00074
_ADCON0bits                                   (abs)        00490
_ADCON1bits                                   (abs)        00491
_ADCON2bits                                   (abs)        00492
_ADRES                                        (abs)        0048E
_ANSELAbits                                   (abs)        0018C
_ANSELBbits                                   (abs)        0018D
_ANSELCbits                                   (abs)        0018E
_ANSELDbits                                   (abs)        0018F
_BAUD1CONbits                                 (abs)        0019F
_CRLF                                         stringtext61 0173C
_DAC1CON0bits                                 (abs)        0058E
_DAC1REF                                      (abs)        0058F
_DAC2CON0bits                                 (abs)        00591
_DAC2REF                                      (abs)        00592
_DACLDbits                                    (abs)        0058D
_DecimalToResultString                        text13       00366
_Delay                                        text29       00DD5
_DisplayStringError                           text34       00FC0
_DisplaySystemOptionsList                     text33       00DF1
_GLOBAL_DirectionStatus                       bssBANK0     00020
_GLOBAL_LED_DisplayString                     bssBANK1     000BE
_GLOBAL_MasterTimeOutCounter                  bssBANK0     0002C
_GLOBAL_MasterTimeOutFlag                     bssCOMMON    0007A
_GLOBAL_PWM1_PulseTime                        bssBANK0     0002A
_GLOBAL_PWM2_PulseTime                        bssBANK0     00028
_GLOBAL_PWM3_PulseTime                        bssBANK0     00026
_GLOBAL_PWM4_PulseTime                        bssBANK0     00024
_GLOBAL_ResultString                          bssBANK1     000A0
_GLOBAL_RxString                              bssBANK1     000C8
_GLOBAL_StepperMotorSpeed                     bssBANK0     00022
_GLOBAL_TimerEventCounter                     bssBANK0     00030
_GLOBAL_TimerEventFlag                        bssBANK0     0002E
_GLOBAL_VT100_String                          bssBANK0     00046
_GetChar                                      text19       00E6E
_GetString                                    text17       0047C
_HIGH_ISR                                     intentry     00004
_INLVLBbits                                   (abs)        0038D
_INLVLCbits                                   (abs)        0038E
_INLVLDbits                                   (abs)        0038F
_INTCONbits                                   (abs)        0000B
_InitialiseADC                                text32       00CDA
_InitialiseComms                              text31       00CF5
_InitialiseDAC                                text30       00E4A
_InitialiseDRV8711                            text27       005EB
_InitialisePWM_10Bit                          text26       00781
_InitialisePWM_16Bit                          text25       0064B
_InitialisePorts                              text24       00502
_InitialiseSPI                                text23       00CE7
_InitialiseTimers                             text22       00D0B
_InvalidNumber                                stringtext55 0161C
_LATDbits                                     (abs)        0010F
_MessageNoValue                               stringtext56 016AC
_MessageTooLong                               stringtext51 0153F
_NewRxPointer                                 dataBANK0    0006B
_OPA1CONbits                                  (abs)        00511
_OPA1PCHSbits                                 (abs)        00510
_OPA2CONbits                                  (abs)        00515
_OPA2PCHSbits                                 (abs)        00514
_OPTION_REGbits                               (abs)        00097
_OSCSTATbits                                  (abs)        0009C
_OldRxPointer                                 dataBANK0    0006C
_OptionMessage                                stringtext50 0149B
_OptionMessage1                               stringtext59 016F8
_OptionSelectMessage                          stringtext53 015AA
_PIE1bits                                     (abs)        00091
_PIE4bits                                     (abs)        00094
_PIE6bits                                     (abs)        00096
_PIR1bits                                     (abs)        00011
_PIR4bits                                     (abs)        00014
_PIR6bits                                     (abs)        00016
_PORTCbits                                    (abs)        0000E
_PORTDbits                                    (abs)        0000F
_PORTEbits                                    (abs)        00010
_PWM3CON                                      (abs)        00616
_PWM3CONbits                                  (abs)        00616
_PWM3DCH                                      (abs)        00615
_PWM3DCL                                      (abs)        00614
_PWM4CON                                      (abs)        00619
_PWM4CONbits                                  (abs)        00619
_PWM4DCH                                      (abs)        00618
_PWM4DCL                                      (abs)        00617
_PWM5CLKCONbits                               (abs)        00D9E
_PWM5CON                                      (abs)        00D9B
_PWM5CONbits                                  (abs)        00D9B
_PWM5DC                                       (abs)        00D93
_PWM5INTEbits                                 (abs)        00D9C
_PWM5INTFbits                                 (abs)        00D9D
_PWM5LDCONbits                                (abs)        00D9F
_PWM5OF                                       (abs)        00D97
_PWM5OFCONbits                                (abs)        00DA0
_PWM5PH                                       (abs)        00D91
_PWM5PR                                       (abs)        00D95
_PWM5TMR                                      (abs)        00D99
_PWM6CLKCONbits                               (abs)        00DAE
_PWM6CON                                      (abs)        00DAB
_PWM6CONbits                                  (abs)        00DAB
_PWM6DC                                       (abs)        00DA3
_PWM6INTEbits                                 (abs)        00DAC
_PWM6INTFbits                                 (abs)        00DAD
_PWM6LDCONbits                                (abs)        00DAF
_PWM6OF                                       (abs)        00DA7
_PWM6OFCONbits                                (abs)        00DB0
_PWM6PH                                       (abs)        00DA1
_PWM6PR                                       (abs)        00DA5
_PWM6TMR                                      (abs)        00DA9
_RA2PPS                                       (abs)        00E92
_RA3PPS                                       (abs)        00E93
_RA4PPS                                       (abs)        00E94
_RA5PPS                                       (abs)        00E95
_RC1STAbits                                   (abs)        0019D
_RC2PPS                                       (abs)        00EA2
_RC3PPS                                       (abs)        00EA3
_RC6PPS                                       (abs)        00EA6
_RCREG                                        (abs)        00199
_RXPPS                                        (abs)        00E3D
_SPBRGH                                       (abs)        0019C
_SPBRGL                                       (abs)        0019B
_SSP1ADD                                      (abs)        00212
_SSP1BUF                                      (abs)        00211
_SSP1CON1bits                                 (abs)        00215
_SSP1CON3bits                                 (abs)        00217
_SSP1STATbits                                 (abs)        00214
_SSPDATPPS                                    (abs)        00E3B
_SendChar                                     text18       00CD2
_SendMessage                                  text35       00DBB
_StringToInteger                              text20       00F4E
_T1CONbits                                    (abs)        0001A
_T2CLKCONbits                                 (abs)        00497
_T2CONbits                                    (abs)        00495
_T2HLTbits                                    (abs)        00496
_T2PR                                         (abs)        00494
_T3CONbits                                    (abs)        0001E
_TMR1                                         (abs)        00018
_TMR2                                         (abs)        00493
_TMR3                                         (abs)        0001C
_TRISAbits                                    (abs)        0008C
_TRISBbits                                    (abs)        0008D
_TRISCbits                                    (abs)        0008E
_TRISDbits                                    (abs)        0008F
_TRISEbits                                    (abs)        00090
_TX1STAbits                                   (abs)        0019E
_TXREG                                        (abs)        0019A
_TXSTAbits                                    (abs)        0019E
_TestVT100                                    text1        000B4
_TooLarge                                     stringtext58 016D3
_TooManyDecimalPoints                         stringtext52 0155D
_TooSmall                                     stringtext57 016C0
_UART_RxBufferPointerType                     bssBANK0     00032
_VT100_ClearScreen                            text16       00E0E
_VT100_CursorDown                             text12       00E96
_VT100_CursorLeft                             text11       00EC2
_VT100_DoubleHeightDoubleWidthBottom          text10       00D21
_VT100_DoubleHeightDoubleWidthTop             text9        00D37
_VT100_HomeCursor                             text8        00D4D
_VT100_PositionCursor                         text7        006F1
_VT100_ReturnMessage                          stringtext49 013DE
_VT100_SetAttribute                           text6        00EEE
_VT100_SetDefaultFont                         text5        00D63
_VT100_SetSpecialFont                         text4        00D79
_VT100_SingleHeightDoubleWidth                text3        00D8F
_VT100_SingleHeightSingleWidth                text2        00DA5
_VT100_TestMessage                            stringtext60 0172F
_VT100_TestMessage2                           stringtext54 015D9
_WPUAbits                                     (abs)        0020C
_WPUBbits                                     (abs)        0020D
_WPUCbits                                     (abs)        0020E
_WPUDbits                                     (abs)        0020F
_WriteSPI                                     text28       006A7
__Habs1                                       abs1         00000
__Hbank0                                      bank0        00000
__Hbank1                                      bank1        00000
__Hbank10                                     bank10       00000
__Hbank11                                     bank11       00000
__Hbank12                                     bank12       00000
__Hbank13                                     bank13       00000
__Hbank14                                     bank14       00000
__Hbank15                                     bank15       00000
__Hbank16                                     bank16       00000
__Hbank17                                     bank17       00000
__Hbank18                                     bank18       00000
__Hbank19                                     bank19       00000
__Hbank2                                      bank2        00000
__Hbank20                                     bank20       00000
__Hbank21                                     bank21       00000
__Hbank22                                     bank22       00000
__Hbank23                                     bank23       00000
__Hbank24                                     bank24       00000
__Hbank25                                     bank25       00000
__Hbank26                                     bank26       00000
__Hbank27                                     bank27       00000
__Hbank28                                     bank28       00000
__Hbank29                                     bank29       00000
__Hbank3                                      bank3        00000
__Hbank30                                     bank30       00000
__Hbank31                                     bank31       00000
__Hbank4                                      bank4        00000
__Hbank5                                      bank5        00000
__Hbank6                                      bank6        00000
__Hbank7                                      bank7        00000
__Hbank8                                      bank8        00000
__Hbank9                                      bank9        00000
__Hbigram                                     bigram       00000
__HbssBANK0                                   bssBANK0     00000
__HbssBANK1                                   bssBANK1     00000
__HbssCOMMON                                  bssCOMMON    00000
__Hcinit                                      cinit        000B4
__Hclrtext                                    clrtext      00000
__Hcode                                       code         00000
__Hcommon                                     common       00000
__Hconfig                                     config       08009
__HcstackBANK0                                cstackBANK0  00000
__HcstackBANK1                                cstackBANK1  00000
__HcstackCOMMON                               cstackCOMMON 00000
__HdataBANK0                                  dataBANK0    00000
__Heeprom_data                                eeprom_data  00000
__Hend_init                                   end_init     00096
__Hfunctab                                    functab      00000
__HidataBANK0                                 idataBANK0   00000
__Hinit                                       init         00094
__Hintentry                                   intentry     00094
__Hmaintext                                   maintext     00000
__Hpowerup                                    powerup      00000
__Hram                                        ram          00000
__Hreset_vec                                  reset_vec    00002
__Hsfr0                                       sfr0         00000
__Hsfr1                                       sfr1         00000
__Hsfr10                                      sfr10        00000
__Hsfr11                                      sfr11        00000
__Hsfr12                                      sfr12        00000
__Hsfr13                                      sfr13        00000
__Hsfr14                                      sfr14        00000
__Hsfr15                                      sfr15        00000
__Hsfr16                                      sfr16        00000
__Hsfr17                                      sfr17        00000
__Hsfr18                                      sfr18        00000
__Hsfr19                                      sfr19        00000
__Hsfr2                                       sfr2         00000
__Hsfr20                                      sfr20        00000
__Hsfr21                                      sfr21        00000
__Hsfr22                                      sfr22        00000
__Hsfr23                                      sfr23        00000
__Hsfr24                                      sfr24        00000
__Hsfr25                                      sfr25        00000
__Hsfr26                                      sfr26        00000
__Hsfr27                                      sfr27        00000
__Hsfr28                                      sfr28        00000
__Hsfr29                                      sfr29        00000
__Hsfr3                                       sfr3         00000
__Hsfr30                                      sfr30        00000
__Hsfr31                                      sfr31        00000
__Hsfr4                                       sfr4         00000
__Hsfr5                                       sfr5         00000
__Hsfr6                                       sfr6         00000
__Hsfr7                                       sfr7         00000
__Hsfr8                                       sfr8         00000
__Hsfr9                                       sfr9         00000
__Hspace_0                                    (abs)        0173F
__Hspace_1                                    (abs)        000EA
__Hspace_2                                    (abs)        00000
__Hspace_3                                    (abs)        00000
__Hspace_4                                    (abs)        10010
__Hstack                                      stack        00000
__Hstrings                                    strings      00000
__Hstringtext1                                stringtext1  00000
__Hstringtext10                               stringtext10 00000
__Hstringtext11                               stringtext11 00000
__Hstringtext12                               stringtext12 00000
__Hstringtext13                               stringtext13 00000
__Hstringtext14                               stringtext14 00000
__Hstringtext15                               stringtext15 00000
__Hstringtext16                               stringtext16 00000
__Hstringtext17                               stringtext17 00000
__Hstringtext18                               stringtext18 00000
__Hstringtext19                               stringtext19 00000
__Hstringtext2                                stringtext2  00000
__Hstringtext20                               stringtext20 00000
__Hstringtext21                               stringtext21 00000
__Hstringtext22                               stringtext22 00000
__Hstringtext23                               stringtext23 00000
__Hstringtext24                               stringtext24 00000
__Hstringtext25                               stringtext25 00000
__Hstringtext26                               stringtext26 00000
__Hstringtext27                               stringtext27 00000
__Hstringtext28                               stringtext28 00000
__Hstringtext29                               stringtext29 00000
__Hstringtext3                                stringtext3  00000
__Hstringtext30                               stringtext30 00000
__Hstringtext31                               stringtext31 00000
__Hstringtext32                               stringtext32 00000
__Hstringtext33                               stringtext33 00000
__Hstringtext34                               stringtext34 00000
__Hstringtext35                               stringtext35 00000
__Hstringtext36                               stringtext36 00000
__Hstringtext37                               stringtext37 00000
__Hstringtext38                               stringtext38 00000
__Hstringtext39                               stringtext39 00000
__Hstringtext4                                stringtext4  00000
__Hstringtext40                               stringtext40 00000
__Hstringtext41                               stringtext41 00000
__Hstringtext42                               stringtext42 00000
__Hstringtext43                               stringtext43 00000
__Hstringtext44                               stringtext44 00000
__Hstringtext45                               stringtext45 00000
__Hstringtext46                               stringtext46 00000
__Hstringtext47                               stringtext47 00000
__Hstringtext48                               stringtext48 00000
__Hstringtext49                               stringtext49 00000
__Hstringtext5                                stringtext5  00000
__Hstringtext50                               stringtext50 00000
__Hstringtext51                               stringtext51 00000
__Hstringtext52                               stringtext52 00000
__Hstringtext53                               stringtext53 00000
__Hstringtext54                               stringtext54 00000
__Hstringtext55                               stringtext55 00000
__Hstringtext56                               stringtext56 00000
__Hstringtext57                               stringtext57 00000
__Hstringtext58                               stringtext58 00000
__Hstringtext59                               stringtext59 00000
__Hstringtext6                                stringtext6  00000
__Hstringtext60                               stringtext60 00000
__Hstringtext61                               stringtext61 00000
__Hstringtext7                                stringtext7  00000
__Hstringtext8                                stringtext8  00000
__Hstringtext9                                stringtext9  00000
__Htext                                       text         00000
__Labs1                                       abs1         00000
__Lbank0                                      bank0        00000
__Lbank1                                      bank1        00000
__Lbank10                                     bank10       00000
__Lbank11                                     bank11       00000
__Lbank12                                     bank12       00000
__Lbank13                                     bank13       00000
__Lbank14                                     bank14       00000
__Lbank15                                     bank15       00000
__Lbank16                                     bank16       00000
__Lbank17                                     bank17       00000
__Lbank18                                     bank18       00000
__Lbank19                                     bank19       00000
__Lbank2                                      bank2        00000
__Lbank20                                     bank20       00000
__Lbank21                                     bank21       00000
__Lbank22                                     bank22       00000
__Lbank23                                     bank23       00000
__Lbank24                                     bank24       00000
__Lbank25                                     bank25       00000
__Lbank26                                     bank26       00000
__Lbank27                                     bank27       00000
__Lbank28                                     bank28       00000
__Lbank29                                     bank29       00000
__Lbank3                                      bank3        00000
__Lbank30                                     bank30       00000
__Lbank31                                     bank31       00000
__Lbank4                                      bank4        00000
__Lbank5                                      bank5        00000
__Lbank6                                      bank6        00000
__Lbank7                                      bank7        00000
__Lbank8                                      bank8        00000
__Lbank9                                      bank9        00000
__Lbigram                                     bigram       00000
__LbssBANK0                                   bssBANK0     00000
__LbssBANK1                                   bssBANK1     00000
__LbssCOMMON                                  bssCOMMON    00000
__Lcinit                                      cinit        00096
__Lclrtext                                    clrtext      00000
__Lcode                                       code         00000
__Lcommon                                     common       00000
__Lconfig                                     config       00000
__LcstackBANK0                                cstackBANK0  00000
__LcstackBANK1                                cstackBANK1  00000
__LcstackCOMMON                               cstackCOMMON 00000
__LdataBANK0                                  dataBANK0    00000
__Leeprom_data                                eeprom_data  00000
__Lend_init                                   end_init     00094
__Lfunctab                                    functab      00000
__LidataBANK0                                 idataBANK0   00000
__Linit                                       init         00094
__Lintentry                                   intentry     00004
__Lmaintext                                   maintext     00000
__Lpowerup                                    powerup      00000
__Lram                                        ram          00000
__Lreset_vec                                  reset_vec    00000
__Lsfr0                                       sfr0         00000
__Lsfr1                                       sfr1         00000
__Lsfr10                                      sfr10        00000
__Lsfr11                                      sfr11        00000
__Lsfr12                                      sfr12        00000
__Lsfr13                                      sfr13        00000
__Lsfr14                                      sfr14        00000
__Lsfr15                                      sfr15        00000
__Lsfr16                                      sfr16        00000
__Lsfr17                                      sfr17        00000
__Lsfr18                                      sfr18        00000
__Lsfr19                                      sfr19        00000
__Lsfr2                                       sfr2         00000
__Lsfr20                                      sfr20        00000
__Lsfr21                                      sfr21        00000
__Lsfr22                                      sfr22        00000
__Lsfr23                                      sfr23        00000
__Lsfr24                                      sfr24        00000
__Lsfr25                                      sfr25        00000
__Lsfr26                                      sfr26        00000
__Lsfr27                                      sfr27        00000
__Lsfr28                                      sfr28        00000
__Lsfr29                                      sfr29        00000
__Lsfr3                                       sfr3         00000
__Lsfr30                                      sfr30        00000
__Lsfr31                                      sfr31        00000
__Lsfr4                                       sfr4         00000
__Lsfr5                                       sfr5         00000
__Lsfr6                                       sfr6         00000
__Lsfr7                                       sfr7         00000
__Lsfr8                                       sfr8         00000
__Lsfr9                                       sfr9         00000
__Lspace_0                                    (abs)        00000
__Lspace_1                                    (abs)        00000
__Lspace_2                                    (abs)        00000
__Lspace_3                                    (abs)        00000
__Lspace_4                                    (abs)        00000
__Lstack                                      stack        00000
__Lstrings                                    strings      00000
__Lstringtext1                                stringtext1  00000
__Lstringtext10                               stringtext10 00000
__Lstringtext11                               stringtext11 00000
__Lstringtext12                               stringtext12 00000
__Lstringtext13                               stringtext13 00000
__Lstringtext14                               stringtext14 00000
__Lstringtext15                               stringtext15 00000
__Lstringtext16                               stringtext16 00000
__Lstringtext17                               stringtext17 00000
__Lstringtext18                               stringtext18 00000
__Lstringtext19                               stringtext19 00000
__Lstringtext2                                stringtext2  00000
__Lstringtext20                               stringtext20 00000
__Lstringtext21                               stringtext21 00000
__Lstringtext22                               stringtext22 00000
__Lstringtext23                               stringtext23 00000
__Lstringtext24                               stringtext24 00000
__Lstringtext25                               stringtext25 00000
__Lstringtext26                               stringtext26 00000
__Lstringtext27                               stringtext27 00000
__Lstringtext28                               stringtext28 00000
__Lstringtext29                               stringtext29 00000
__Lstringtext3                                stringtext3  00000
__Lstringtext30                               stringtext30 00000
__Lstringtext31                               stringtext31 00000
__Lstringtext32                               stringtext32 00000
__Lstringtext33                               stringtext33 00000
__Lstringtext34                               stringtext34 00000
__Lstringtext35                               stringtext35 00000
__Lstringtext36                               stringtext36 00000
__Lstringtext37                               stringtext37 00000
__Lstringtext38                               stringtext38 00000
__Lstringtext39                               stringtext39 00000
__Lstringtext4                                stringtext4  00000
__Lstringtext40                               stringtext40 00000
__Lstringtext41                               stringtext41 00000
__Lstringtext42                               stringtext42 00000
__Lstringtext43                               stringtext43 00000
__Lstringtext44                               stringtext44 00000
__Lstringtext45                               stringtext45 00000
__Lstringtext46                               stringtext46 00000
__Lstringtext47                               stringtext47 00000
__Lstringtext48                               stringtext48 00000
__Lstringtext49                               stringtext49 00000
__Lstringtext5                                stringtext5  00000
__Lstringtext50                               stringtext50 00000
__Lstringtext51                               stringtext51 00000
__Lstringtext52                               stringtext52 00000
__Lstringtext53                               stringtext53 00000
__Lstringtext54                               stringtext54 00000
__Lstringtext55                               stringtext55 00000
__Lstringtext56                               stringtext56 00000
__Lstringtext57                               stringtext57 00000
__Lstringtext58                               stringtext58 00000
__Lstringtext59                               stringtext59 00000
__Lstringtext6                                stringtext6  00000
__Lstringtext60                               stringtext60 00000
__Lstringtext61                               stringtext61 00000
__Lstringtext7                                stringtext7  00000
__Lstringtext8                                stringtext8  00000
__Lstringtext9                                stringtext9  00000
__Ltext                                       text         00000
__S0                                          (abs)        0173F
__S1                                          (abs)        000EA
__S2                                          (abs)        00000
___int_sp                                     stack        00000
___latbits                                    (abs)        00003
___lwdiv                                      text15       00F84
___lwdiv@counter                              cstackCOMMON 00077
___lwdiv@dividend                             cstackCOMMON 00074
___lwdiv@divisor                              cstackCOMMON 00072
___lwdiv@quotient                             cstackCOMMON 00078
___lwmod                                      text14       00F1A
___lwmod@counter                              cstackCOMMON 00077
___lwmod@dividend                             cstackCOMMON 00074
___lwmod@divisor                              cstackCOMMON 00072
___sp                                         stack        00000
___stackhi                                    (abs)        027EF
___stacklo                                    (abs)        0209A
___wmul                                       text21       00E2B
___wmul@multiplicand                          cstackCOMMON 00074
___wmul@multiplier                            cstackCOMMON 00072
___wmul@product                               cstackCOMMON 00076
__end_of_AntiClockwise                        stringtext45 01725
__end_of_AntiClockwiseMessage                 stringtext23 013DE
__end_of_CRLF                                 stringtext61 0173F
__end_of_CalibrationMessage                   stringtext12 011FC
__end_of_CalibrationMessage1                  stringtext31 0153F
__end_of_Clockwise                            stringtext46 0172F
__end_of_ClockwiseMessage                     stringtext27 0149B
__end_of_DecimalToResultString                text13       0047C
__end_of_Delay                                text29       00DF1
__end_of_DisplayStringError                   text34       01000
__end_of_DisplaySystemOptionsList             text33       00E0E
__end_of_DoorTestMessage1                     stringtext38 0165C
__end_of_GetChar                              text19       00E96
__end_of_GetString                            text17       00502
__end_of_HIGH_ISR                             intentry     00094
__end_of_InitialiseADC                        text32       00CE7
__end_of_InitialiseComms                      text31       00D0B
__end_of_InitialiseDAC                        text30       00E6E
__end_of_InitialiseDRV8711                    text27       0064B
__end_of_InitialisePWM_10Bit                  text26       007C5
__end_of_InitialisePWM_16Bit                  text25       006A7
__end_of_InitialisePorts                      text24       00582
__end_of_InitialiseSPI                        text23       00CF5
__end_of_InitialiseTimers                     text22       00D21
__end_of_InvalidNumber                        stringtext55 01632
__end_of_LED_DisplayClearDisplayMessage       stringtext35 01606
__end_of_LED_DisplayDCA_Message               stringtext30 01520
__end_of_LED_DisplayEnter1DigitMessage        stringtext11 011C8
__end_of_LED_DisplayEnter2DigitMessage        stringtext9  0115D
__end_of_LED_DisplayEnter3DigitMessage        stringtext4  0103B
__end_of_LED_DisplayEnter4DigitMessage        stringtext5  01076
__end_of_LED_DisplayIntensityMessage          stringtext16 012B9
__end_of_LED_DisplayOptionMessage             stringtext2  00806
__end_of_LED_DisplayOptionMessage1            stringtext39 01670
__end_of_LED_DisplayOptionMessage10           stringtext6  010B1
__end_of_LED_DisplayOptionMessage11           stringtext33 015AA
__end_of_LED_DisplayOptionMessage12           stringtext32 01592
__end_of_LED_DisplayOptionMessage2            stringtext7  010EB
__end_of_LED_DisplayOptionMessage3            stringtext21 0138D
__end_of_LED_DisplayOptionMessage4            stringtext20 01364
__end_of_LED_DisplayOptionMessage5            stringtext19 0133B
__end_of_LED_DisplayOptionMessage6            stringtext10 01194
__end_of_LED_DisplayOptionMessage7            stringtext26 01477
__end_of_LED_DisplayOptionMessage8            stringtext25 01451
__end_of_LED_DisplayOptionMessage9            stringtext24 0142B
__end_of_LED_DisplaySegmentControlMessage     stringtext18 01312
__end_of_MessageNoValue                       stringtext56 016C0
__end_of_MessageTooLong                       stringtext51 0155D
__end_of_MotorOptionMessage1                  stringtext34 015D9
__end_of_MotorOptionMessage2                  stringtext28 014E1
__end_of_MotorOptionMessage3                  stringtext43 016F8
__end_of_MotorOptionMessage4                  stringtext29 01501
__end_of_MotorRunningMessage                  stringtext14 0125C
__end_of_OptionMessage                        stringtext50 014BF
__end_of_OptionMessage1                       stringtext59 01708
__end_of_OptionSelectMessage                  stringtext53 015C2
__end_of_PWM_10Bit_TestMessage                stringtext3  00846
__end_of_PWM_16Bit_TestMessage                stringtext8  01125
__end_of_RelayOptionMessage                   stringtext17 012E6
__end_of_SendChar                             text18       00CDA
__end_of_SendMessage                          text35       00DD5
__end_of_SetDownwardsMessage                  stringtext36 0161C
__end_of_SetUpwardsMessage                    stringtext40 01684
__end_of_StepperMotorSpeedMessage             stringtext1  00781
__end_of_StepperMotorStatusMessage            stringtext22 013B6
__end_of_StepperMotorStatusMessage1           stringtext42 016AC
__end_of_StepperMotorStatusMessage2           stringtext41 01698
__end_of_StepperOptionMessage                 stringtext15 0128B
__end_of_StringToInteger                      text20       00F84
__end_of_Switch1_StatusMessage                stringtext44 01717
__end_of_Switch2_StatusMessage                stringtext37 01647
__end_of_Switch_OFF_Message                   stringtext47 01739
__end_of_Switch_ON_Message                    stringtext48 0173C
__end_of_TestSwitchMessage                    stringtext13 0122C
__end_of_TestVT100                            text1        00366
__end_of_TooLarge                             stringtext58 016E6
__end_of_TooManyDecimalPoints                 stringtext52 01578
__end_of_TooSmall                             stringtext57 016D3
__end_of_VT100_ClearScreen                    text16       00E2B
__end_of_VT100_CursorDown                     text12       00EC2
__end_of_VT100_CursorLeft                     text11       00EEE
__end_of_VT100_DoubleHeightDoubleWidthBottom  text10       00D37
__end_of_VT100_DoubleHeightDoubleWidthTop     text9        00D4D
__end_of_VT100_HomeCursor                     text8        00D63
__end_of_VT100_PositionCursor                 text7        0073A
__end_of_VT100_ReturnMessage                  stringtext49 01405
__end_of_VT100_SetAttribute                   text6        00F1A
__end_of_VT100_SetDefaultFont                 text5        00D79
__end_of_VT100_SetSpecialFont                 text4        00D8F
__end_of_VT100_SingleHeightDoubleWidth        text3        00DA5
__end_of_VT100_SingleHeightSingleWidth        text2        00DBB
__end_of_VT100_TestMessage                    stringtext60 01735
__end_of_VT100_TestMessage2                   stringtext54 015F0
__end_of_WriteSPI                             text28       006F1
__end_of___lwdiv                              text15       00FC0
__end_of___lwmod                              text14       00F4E
__end_of___wmul                               text21       00E4A
__end_of__initialization                      cinit        000B0
__end_of_main                                 maintext     005EB
__initialization                              cinit        00096
__pbssBANK0                                   bssBANK0     00020
__pbssBANK1                                   bssBANK1     000A0
__pbssCOMMON                                  bssCOMMON    0007A
__pcstackBANK0                                cstackBANK0  0005A
__pcstackBANK1                                cstackBANK1  000E6
__pcstackCOMMON                               cstackCOMMON 00070
__pdataBANK0                                  dataBANK0    0006B
__pidataBANK0                                 idataBANK0   00002
__pintentry                                   intentry     00004
__pmaintext                                   maintext     00582
__pstringtext1                                stringtext1  0073A
__pstringtext10                               stringtext10 0115D
__pstringtext11                               stringtext11 01194
__pstringtext12                               stringtext12 011C8
__pstringtext13                               stringtext13 011FC
__pstringtext14                               stringtext14 0122C
__pstringtext15                               stringtext15 0125C
__pstringtext16                               stringtext16 0128B
__pstringtext17                               stringtext17 012B9
__pstringtext18                               stringtext18 012E6
__pstringtext19                               stringtext19 01312
__pstringtext2                                stringtext2  007C5
__pstringtext20                               stringtext20 0133B
__pstringtext21                               stringtext21 01364
__pstringtext22                               stringtext22 0138D
__pstringtext23                               stringtext23 013B6
__pstringtext24                               stringtext24 01405
__pstringtext25                               stringtext25 0142B
__pstringtext26                               stringtext26 01451
__pstringtext27                               stringtext27 01477
__pstringtext28                               stringtext28 014BF
__pstringtext29                               stringtext29 014E1
__pstringtext3                                stringtext3  00806
__pstringtext30                               stringtext30 01501
__pstringtext31                               stringtext31 01520
__pstringtext32                               stringtext32 01578
__pstringtext33                               stringtext33 01592
__pstringtext34                               stringtext34 015C2
__pstringtext35                               stringtext35 015F0
__pstringtext36                               stringtext36 01606
__pstringtext37                               stringtext37 01632
__pstringtext38                               stringtext38 01647
__pstringtext39                               stringtext39 0165C
__pstringtext4                                stringtext4  01000
__pstringtext40                               stringtext40 01670
__pstringtext41                               stringtext41 01684
__pstringtext42                               stringtext42 01698
__pstringtext43                               stringtext43 016E6
__pstringtext44                               stringtext44 01708
__pstringtext45                               stringtext45 01717
__pstringtext46                               stringtext46 01725
__pstringtext47                               stringtext47 01735
__pstringtext48                               stringtext48 01739
__pstringtext49                               stringtext49 013DE
__pstringtext5                                stringtext5  0103B
__pstringtext50                               stringtext50 0149B
__pstringtext51                               stringtext51 0153F
__pstringtext52                               stringtext52 0155D
__pstringtext53                               stringtext53 015AA
__pstringtext54                               stringtext54 015D9
__pstringtext55                               stringtext55 0161C
__pstringtext56                               stringtext56 016AC
__pstringtext57                               stringtext57 016C0
__pstringtext58                               stringtext58 016D3
__pstringtext59                               stringtext59 016F8
__pstringtext6                                stringtext6  01076
__pstringtext60                               stringtext60 0172F
__pstringtext61                               stringtext61 0173C
__pstringtext7                                stringtext7  010B1
__pstringtext8                                stringtext8  010EB
__pstringtext9                                stringtext9  01125
__ptext1                                      text1        000B4
__ptext10                                     text10       00D21
__ptext11                                     text11       00EC2
__ptext12                                     text12       00E96
__ptext13                                     text13       00366
__ptext14                                     text14       00F1A
__ptext15                                     text15       00F84
__ptext16                                     text16       00E0E
__ptext17                                     text17       0047C
__ptext18                                     text18       00CD2
__ptext19                                     text19       00E6E
__ptext2                                      text2        00DA5
__ptext20                                     text20       00F4E
__ptext21                                     text21       00E2B
__ptext22                                     text22       00D0B
__ptext23                                     text23       00CE7
__ptext24                                     text24       00502
__ptext25                                     text25       0064B
__ptext26                                     text26       00781
__ptext27                                     text27       005EB
__ptext28                                     text28       006A7
__ptext29                                     text29       00DD5
__ptext3                                      text3        00D8F
__ptext30                                     text30       00E4A
__ptext31                                     text31       00CF5
__ptext32                                     text32       00CDA
__ptext33                                     text33       00DF1
__ptext34                                     text34       00FC0
__ptext35                                     text35       00DBB
__ptext4                                      text4        00D79
__ptext5                                      text5        00D63
__ptext6                                      text6        00EEE
__ptext7                                      text7        006F1
__ptext8                                      text8        00D4D
__ptext9                                      text9        00D37
__size_of_DecimalToResultString               (abs)        00000
__size_of_Delay                               (abs)        00000
__size_of_DisplayStringError                  (abs)        00000
__size_of_DisplaySystemOptionsList            (abs)        00000
__size_of_GetChar                             (abs)        00000
__size_of_GetString                           (abs)        00000
__size_of_HIGH_ISR                            (abs)        00000
__size_of_InitialiseADC                       (abs)        00000
__size_of_InitialiseComms                     (abs)        00000
__size_of_InitialiseDAC                       (abs)        00000
__size_of_InitialiseDRV8711                   (abs)        00000
__size_of_InitialisePWM_10Bit                 (abs)        00000
__size_of_InitialisePWM_16Bit                 (abs)        00000
__size_of_InitialisePorts                     (abs)        00000
__size_of_InitialiseSPI                       (abs)        00000
__size_of_InitialiseTimers                    (abs)        00000
__size_of_SendChar                            (abs)        00000
__size_of_SendMessage                         (abs)        00000
__size_of_StringToInteger                     (abs)        00000
__size_of_TestVT100                           (abs)        00000
__size_of_VT100_ClearScreen                   (abs)        00000
__size_of_VT100_CursorDown                    (abs)        00000
__size_of_VT100_CursorLeft                    (abs)        00000
__size_of_VT100_DoubleHeightDoubleWidthBottom (abs)        00000
__size_of_VT100_DoubleHeightDoubleWidthTop    (abs)        00000
__size_of_VT100_HomeCursor                    (abs)        00000
__size_of_VT100_PositionCursor                (abs)        00000
__size_of_VT100_SetAttribute                  (abs)        00000
__size_of_VT100_SetDefaultFont                (abs)        00000
__size_of_VT100_SetSpecialFont                (abs)        00000
__size_of_VT100_SingleHeightDoubleWidth       (abs)        00000
__size_of_VT100_SingleHeightSingleWidth       (abs)        00000
__size_of_WriteSPI                            (abs)        00000
__size_of___lwdiv                             (abs)        00000
__size_of___lwmod                             (abs)        00000
__size_of___wmul                              (abs)        00000
__size_of_main                                (abs)        00000
_main                                         maintext     00582
btemp                                         (abs)        0007E
clear_ram0                                    clrtext      00CCC
end_of_initialization                         cinit        000B0
int$flags                                     (abs)        0007E
intlevel0                                     functab      00000
intlevel1                                     functab      00000
intlevel2                                     functab      00000
intlevel3                                     functab      00000
intlevel4                                     functab      00000
intlevel5                                     functab      00000
main@StringStatus                             cstackBANK1  000E8
main@Value                                    cstackBANK1  000E6
reset_vec                                     reset_vec    00000
start                                         init         00094
start_initialization                          cinit        00096
wtemp0                                        (abs)        0007E


MODULE INFORMATION

Module		Function		Class		Link	Load	Size
Timer.c
		_InitialiseTimers		CODE           	0D0B	0000	22
		_Delay         		CODE           	0DD5	0000	28

Timer.c estimated size: 50

DAC.c
		_InitialiseDAC 		CODE           	0E4A	0000	36

DAC.c estimated size: 36

C:\Program Files\Microchip\xc8\v2.32\pic\sources\c99\common\lwmod.c
		___lwmod       		CODE           	0F1A	0000	52

C:\Program Files\Microchip\xc8\v2.32\pic\sources\c99\common\lwmod.c estimated size: 52

C:\Program Files\Microchip\xc8\v2.32\pic\sources\c99\common\Umul16.c
		___wmul        		CODE           	0E2B	0000	31

C:\Program Files\Microchip\xc8\v2.32\pic\sources\c99\common\Umul16.c estimated size: 31

PWM.c
		_InitialisePWM_10Bit		CODE           	0781	0000	68
		_InitialisePWM_16Bit		CODE           	064B	0000	92

PWM.c estimated size: 160

Init.c
		_InitialisePorts		CODE           	0502	0000	128

Init.c estimated size: 128

Comms.c
		_InitialiseComms		CODE           	0CF5	0000	22
		_StringToInteger		CODE           	0F4E	0000	54
		_DecimalToResultString		CODE           	0366	0000	278
		_HIGH_ISR      		CODE           	0004	0000	144
		_GetChar       		CODE           	0E6E	0000	40
		_SendChar      		CODE           	0CD2	0000	8
		_GetString     		CODE           	047C	0000	134
		_SendMessage   		CODE           	0DBB	0000	26

Comms.c estimated size: 706

shared
		_LED_DisplayEnter2DigitMessage		STRCODE        	0000	0000	0
		_LED_DisplayEnter3DigitMessage		STRCODE        	0000	0000	0
		_VT100_TestMessage2		STRCODE        	15D9	0000	23
		_LED_DisplayEnter4DigitMessage		STRCODE        	0000	0000	0
		_ClockwiseMessage		STRCODE        	0000	0000	0
		_MotorOptionMessage1		STRCODE        	0000	0000	0
		_OptionSelectMessage		STRCODE        	15AA	0000	24
		_VT100_ReturnMessage		STRCODE        	13DE	0000	39
		_MotorOptionMessage2		STRCODE        	0000	0000	0
		_MotorOptionMessage3		STRCODE        	0000	0000	0
		_InvalidNumber 		STRCODE        	161C	0000	22
		_MotorOptionMessage4		STRCODE        	0000	0000	0
		_AntiClockwise 		STRCODE        	0000	0000	0
		_Switch_ON_Message		STRCODE        	0000	0000	0
		_Switch2_StatusMessage		STRCODE        	0000	0000	0
		_OptionMessage 		STRCODE        	149B	0000	36
		_TooLarge      		STRCODE        	16D3	0000	19
		_StepperOptionMessage		STRCODE        	0000	0000	0
		_OptionMessage1		STRCODE        	16F8	0000	16
		_SetDownwardsMessage		STRCODE        	0000	0000	0
		__initialization		CODE           	0096	0000	26
		_RelayOptionMessage		STRCODE        	0000	0000	0
		_Switch_OFF_Message		STRCODE        	0000	0000	0
		_SetUpwardsMessage		STRCODE        	0000	0000	0
		_LED_DisplayDCA_Message		STRCODE        	0000	0000	0
		_LED_DisplayClearDisplayMessage		STRCODE        	0000	0000	0
		_LED_DisplayIntensityMessage		STRCODE        	0000	0000	0
		_LED_DisplayOptionMessage		STRCODE        	0000	0000	0
		_LED_DisplayOptionMessage1		STRCODE        	0000	0000	0
		_LED_DisplayOptionMessage2		STRCODE        	0000	0000	0
		_LED_DisplayOptionMessage3		STRCODE        	0000	0000	0
		_LED_DisplayOptionMessage4		STRCODE        	0000	0000	0
		_LED_DisplayOptionMessage5		STRCODE        	0000	0000	0
		_LED_DisplayOptionMessage6		STRCODE        	0000	0000	0
		_LED_DisplayOptionMessage7		STRCODE        	0000	0000	0
		_LED_DisplayOptionMessage8		STRCODE        	0000	0000	0
		_LED_DisplayOptionMessage9		STRCODE        	0000	0000	0
		_LED_DisplayOptionMessage10		STRCODE        	0000	0000	0
		_LED_DisplayOptionMessage11		STRCODE        	0000	0000	0
		_LED_DisplayOptionMessage12		STRCODE        	0000	0000	0
		_Switch1_StatusMessage		STRCODE        	0000	0000	0
		_TooSmall      		STRCODE        	16C0	0000	19
		_TestSwitchMessage		STRCODE        	0000	0000	0
		_CalibrationMessage		STRCODE        	0000	0000	0
		_AntiClockwiseMessage		STRCODE        	0000	0000	0
		_PWM_10Bit_TestMessage		STRCODE        	0000	0000	0
		_MessageTooLong		STRCODE        	153F	0000	30
		_MessageNoValue		STRCODE        	16AC	0000	20
		_CRLF          		STRCODE        	173C	0000	3
		_StepperMotorStatusMessage		STRCODE        	0000	0000	0
		_PWM_16Bit_TestMessage		STRCODE        	0000	0000	0
		_StepperMotorStatusMessage1		STRCODE        	0000	0000	0
		_StepperMotorStatusMessage2		STRCODE        	0000	0000	0
		_CalibrationMessage1		STRCODE        	0000	0000	0
		_DoorTestMessage1		STRCODE        	0000	0000	0
		_MotorRunningMessage		STRCODE        	0000	0000	0
		_StepperMotorSpeedMessage		STRCODE        	0000	0000	0
		_LED_DisplaySegmentControlMessage		STRCODE        	0000	0000	0
		_VT100_TestMessage		STRCODE        	172F	0000	6
		_Clockwise     		STRCODE        	0000	0000	0
		_TooManyDecimalPoints		STRCODE        	155D	0000	27
		_LED_DisplayEnter1DigitMessage		STRCODE        	0000	0000	0

shared estimated size: 310

VT100.c
		_VT100_SetSpecialFont		CODE           	0D79	0000	22
		_VT100_SetDefaultFont		CODE           	0D63	0000	22
		_VT100_SingleHeightSingleWidth		CODE           	0DA5	0000	22
		_VT100_DoubleHeightDoubleWidthTop		CODE           	0D37	0000	22
		_VT100_CursorLeft		CODE           	0EC2	0000	44
		_VT100_CursorDown		CODE           	0E96	0000	44
		_VT100_ClearScreen		CODE           	0E0E	0000	29
		_VT100_PositionCursor		CODE           	06F1	0000	73
		_VT100_SingleHeightDoubleWidth		CODE           	0D8F	0000	22
		_VT100_DoubleHeightDoubleWidthBottom		CODE           	0D21	0000	22
		_VT100_SetAttribute		CODE           	0EEE	0000	44
		_VT100_HomeCursor		CODE           	0D4D	0000	22

VT100.c estimated size: 388

ADC.c
		_InitialiseADC 		CODE           	0CDA	0000	13

ADC.c estimated size: 13

C:\Program Files\Microchip\xc8\v2.32\pic\sources\c99\common\lwdiv.c
		___lwdiv       		CODE           	0F84	0000	60

C:\Program Files\Microchip\xc8\v2.32\pic\sources\c99\common\lwdiv.c estimated size: 60

SPI.c
		_InitialiseSPI 		CODE           	0CE7	0000	14
		_InitialiseDRV8711		CODE           	05EB	0000	96
		_WriteSPI      		CODE           	06A7	0000	74

SPI.c estimated size: 184

main.c
		_main          		CODE           	0582	0000	105
		_DisplaySystemOptionsList		CODE           	0DF1	0000	29
		_TestVT100     		CODE           	00B4	0000	690
		_DisplayStringError		CODE           	0FC0	0000	64

main.c estimated size: 888

